Microsoft Windows [Version 10.0.22621.1413]
(c) Microsoft Corporation. All rights reserved.

C:\Users\bitcamp>cd git

C:\Users\bitcamp\git>cd Vm

C:\Users\bitcamp\git\Vm>cd centos1

C:\Users\bitcamp\git\Vm\centos1>vagrant up
==> vagrant: A new version of Vagrant is available: 2.3.4 (installed version: 2.3.3)!
==> vagrant: To upgrade visit: https://www.vagrantup.com/downloads.html

Bringing machine 'default' up with 'virtualbox' provider...
==> default: Checking if box 'centos/7' version '2004.01' is up to date...
==> default: Clearing any previously set forwarded ports...
==> default: Clearing any previously set network interfaces...
==> default: Preparing network interfaces based on configuration...
    default: Adapter 1: nat
==> default: Forwarding ports...
    default: 22 (guest) => 2222 (host) (adapter 1)
==> default: Booting VM...
==> default: Waiting for machine to boot. This may take a few minutes...
    default: SSH address: 127.0.0.1:2222
    default: SSH username: vagrant
    default: SSH auth method: private key
==> default: Machine booted and ready!
==> default: Checking for guest additions in VM...
    default: No guest additions were detected on the base box for this VM! Guest
    default: additions are required for forwarded ports, shared folders, host only
    default: networking, and more. If SSH fails on this machine, please install
    default: the guest additions and repackage the box to continue.
    default:
    default: This is not an error message; everything may continue to work properly,
    default: in which case you may ignore this message.
==> default: Rsyncing folder: /cygdrive/c/Users/bitcamp/git/Vm/centos1/ => /vagrant
==> default: Machine already provisioned. Run `vagrant provision` or use the `--provision`
==> default: flag to force provisioning. Provisioners marked to run always will still run.

C:\Users\bitcamp\git\Vm\centos1>vagrant ssh
Last login: Fri Mar 17 11:52:12 2023 from 10.0.2.2
[vagrant@localhost ~]$ uptime
 01:18:29 up 7 min,  1 user,  load average: 0.00, 0.01, 0.02
[vagrant@localhost ~]$ cat /etc/redhat-release
CentOS Linux release 7.8.2003 (Core)
[vagrant@localhost ~]$ exit
logout
Connection to 127.0.0.1 closed.

C:\Users\bitcamp\git\Vm\centos1>vagrant destroy -f
==> default: Forcing shutdown of VM...
==> default: Destroying VM and associated drives...

C:\Users\bitcamp\git\Vm\centos1>