Microsoft Windows [Version 10.0.19044.2251]
(c) Microsoft Corporation. All rights reserved.

C:\Users\bitcamp>cd git

C:\Users\bitcamp\git>cd vm

C:\Users\bitcamp\git\Vm>cd centos1

C:\Users\bitcamp\git\Vm\centos1>vagrant up
Bringing machine 'default' up with 'virtualbox' provider...
==> default: Checking if box 'centos/7' version '2004.01' is up to date...
==> default: Clearing any previously set forwarded ports...
==> default: Clearing any previously set network interfaces...
==> default: Preparing network interfaces based on configuration...
    default: Adapter 1: nat
==> default: Forwarding ports...
    default: 22 (guest) => 2222 (host) (adapter 1)
==> default: Booting VM...
==> default: Waiting for machine to boot. This may take a few minutes...
    default: SSH address: 127.0.0.1:2222
    default: SSH username: vagrant
    default: SSH auth method: private key
==> default: Machine booted and ready!
==> default: Checking for guest additions in VM...
    default: No guest additions were detected on the base box for this VM! Guest
    default: additions are required for forwarded ports, shared folders, host only
    default: networking, and more. If SSH fails on this machine, please install
    default: the guest additions and repackage the box to continue.
    default:
    default: This is not an error message; everything may continue to work properly,
    default: in which case you may ignore this message.
==> default: Setting hostname...
==> default: Rsyncing folder: /cygdrive/c/Users/bitcamp/git/Vm/centos1/ => /vagrant
==> default: Machine already provisioned. Run `vagrant provision` or use the `--provision`
==> default: flag to force provisioning. Provisioners marked to run always will still run.

C:\Users\bitcamp\git\Vm\centos1>cd ..

C:\Users\bitcamp\git\Vm>cd centos2

C:\Users\bitcamp\git\Vm\centos2>vagrant up
Bringing machine 'default' up with 'virtualbox' provider...
==> default: Checking if box 'centos/7' version '2004.01' is up to date...
==> default: Clearing any previously set forwarded ports...
==> default: Fixed port collision for 22 => 2222. Now on port 2200.
==> default: Clearing any previously set network interfaces...
==> default: Preparing network interfaces based on configuration...
    default: Adapter 1: nat
==> default: Forwarding ports...
    default: 22 (guest) => 2200 (host) (adapter 1)
==> default: Booting VM...
==> default: Waiting for machine to boot. This may take a few minutes...
    default: SSH address: 127.0.0.1:2200
    default: SSH username: vagrant
    default: SSH auth method: private key
==> default: Machine booted and ready!
==> default: Checking for guest additions in VM...
    default: No guest additions were detected on the base box for this VM! Guest
    default: additions are required for forwarded ports, shared folders, host only
    default: networking, and more. If SSH fails on this machine, please install
    default: the guest additions and repackage the box to continue.
    default:
    default: This is not an error message; everything may continue to work properly,
    default: in which case you may ignore this message.
==> default: Setting hostname...
==> default: Rsyncing folder: /cygdrive/c/Users/bitcamp/git/Vm/centos2/ => /vagrant
==> default: Machine already provisioned. Run `vagrant provision` or use the `--provision`
==> default: flag to force provisioning. Provisioners marked to run always will still run.

C:\Users\bitcamp\git\Vm\centos2>cd ..

C:\Users\bitcamp\git\Vm>cd centos3

C:\Users\bitcamp\git\Vm\centos3>vagrant up
Bringing machine 'default' up with 'virtualbox' provider...
==> default: Checking if box 'centos/7' version '2004.01' is up to date...
==> default: Clearing any previously set forwarded ports...
==> default: Fixed port collision for 22 => 2222. Now on port 2201.
==> default: Clearing any previously set network interfaces...
==> default: Preparing network interfaces based on configuration...
    default: Adapter 1: nat
==> default: Forwarding ports...
    default: 22 (guest) => 2201 (host) (adapter 1)
==> default: Booting VM...
==> default: Waiting for machine to boot. This may take a few minutes...
    default: SSH address: 127.0.0.1:2201
    default: SSH username: vagrant
    default: SSH auth method: private key
==> default: Machine booted and ready!
==> default: Checking for guest additions in VM...
    default: No guest additions were detected on the base box for this VM! Guest
    default: additions are required for forwarded ports, shared folders, host only
    default: networking, and more. If SSH fails on this machine, please install
    default: the guest additions and repackage the box to continue.
    default:
    default: This is not an error message; everything may continue to work properly,
    default: in which case you may ignore this message.
==> default: Setting hostname...
==> default: Rsyncing folder: /cygdrive/c/Users/bitcamp/git/Vm/centos3/ => /vagrant
==> default: Machine already provisioned. Run `vagrant provision` or use the `--provision`
==> default: flag to force provisioning. Provisioners marked to run always will still run.

C:\Users\bitcamp\git\Vm\centos3>cd ..

C:\Users\bitcamp\git\Vm>cd centos1

C:\Users\bitcamp\git\Vm\centos1>vagrant ssh
Last login: Mon Nov 21 03:05:59 2022 from 10.0.2.2
Last login: Mon Nov 21 03:05:59 2022 from 10.0.2.2
[vagrant@host1 ~]$ glt log --oeline
-bash: glt: command not found
[vagrant@host1 ~]$ git log --online
fatal: Not a git repository (or any of the parent directories): .git
[vagrant@host1 ~]$ pwd
/home/vagrant
[vagrant@host1 ~]$ cd git
[vagrant@host1 git]$ cd bitcamp-ncp/
[vagrant@host1 bitcamp-ncp]$ git log
commit 576725b2dadec5600549c7884ed933ea611ed1cc
Merge: b0e6e4a 879a1f8
Author: 5000dosa <ekdpfp@naver.com>
Date:   Mon Nov 21 08:40:22 2022 +0000

    Merge branch 'main' of https://github.com/5000dosa/bitcamp-ncp

commit 879a1f87cdf32c262ce9d35d1a9e802bb5acacf9
Author: 5000dosa <118055665+5000dosa@users.noreply.github.com>
Date:   Mon Nov 21 17:35:36 2022 +0900

    Initial commit

commit b0e6e4a60c221c7277300df266ba399a8fd8fbcc
Author: 5000dosa <ekdpfp@naver.com>
Date:   Mon Nov 21 06:35:34 2022 +0000

    6

commit c6c4541377a753b021483444bfdc8e798f1194a3
Author: 5000dosa <ekdpfp@naver.com>
Date:   Mon Nov 21 06:31:50 2022 +0000

    5

commit ca04a28405f42bd1e13c2d2558a9f8d8db7c2729
Author: 5000dosa <ekdpfp@naver.com>
Date:   Mon Nov 21 06:25:43 2022 +0000

[vagrant@host1 bitcamp-ncp]$ clrea
-bash: clrea: command not found
[vagrant@host1 bitcamp-ncp]$ clera
-bash: clera: command not found
[vagrant@host1 bitcamp-ncp]$ clear
[vagrant@host1 bitcamp-ncp]$ file .gitignore
.gitignore: ASCII text
[vagrant@host1 bitcamp-ncp]$ less .gitignore
[vagrant@host1 bitcamp-ncp]$ less gitignore
[vagrant@host1 bitcamp-ncp]$ less gitignore
[vagrant@host1 bitcamp-ncp]$ mkdir tmp
[vagrant@host1 bitcamp-ncp]$ pwd
/home/vagrant/git/bitcamp-ncp
[vagrant@host1 bitcamp-ncp]$ cd tmp
[vagrant@host1 tmp]$ pwd
/home/vagrant/git/bitcamp-ncp/tmp
[vagrant@host1 tmp]$ touch
touch: missing file operand
Try 'touch --help' for more information.
[vagrant@host1 tmp]$ touch hello.txt
[vagrant@host1 tmp]$ ls
hello.txt
[vagrant@host1 tmp]$ ls -al
total 0
drwxrwxr-x. 2 vagrant vagrant  23 Nov 22 00:56 .
drwxrwxr-x. 4 vagrant vagrant 107 Nov 22 00:55 ..
-rw-rw-r--. 1 vagrant vagrant   0 Nov 22 00:56 hello.txt
[vagrant@host1 tmp]$ cd ..
[vagrant@host1 bitcamp-ncp]$ tree
.
├── a.txt
├── b.txt
├── gitignore
├── README.md
└── tmp
    └── hello.txt

1 directory, 5 files
[vagrant@host1 bitcamp-ncp]$ pwd
/home/vagrant/git/bitcamp-ncp
[vagrant@host1 bitcamp-ncp]$ touch hello2.txt
[vagrant@host1 bitcamp-ncp]$ tree
.
├── a.txt
├── b.txt
├── gitignore
├── hello2.txt
├── README.md
└── tmp
    └── hello.txt

1 directory, 6 files
[vagrant@host1 bitcamp-ncp]$ git status --short
?? hello2.txt
?? tmp/
[vagrant@host1 bitcamp-ncp]$ mkdir tmp2
[vagrant@host1 bitcamp-ncp]$ cd tmp2
[vagrant@host1 tmp2]$ touch hello3.txt
[vagrant@host1 tmp2]$ cd ..
[vagrant@host1 bitcamp-ncp]$ tree
.
├── a.txt
├── b.txt
├── gitignore
├── hello2.txt
├── README.md
├── tmp
│   └── hello.txt
└── tmp2
    └── hello3.txt

2 directories, 7 files
[vagrant@host1 bitcamp-ncp]$ git status --short
?? hello2.txt
?? tmp/
?? tmp2/
[vagrant@host1 bitcamp-ncp]$ less gitignore
[vagrant@host1 bitcamp-ncp]$ touch test.bak
[vagrant@host1 bitcamp-ncp]$ tree
.
├── a.txt
├── b.txt
├── gitignore
├── hello2.txt
├── README.md
├── test.bak
├── tmp
│   └── hello.txt
└── tmp2
    └── hello3.txt

2 directories, 8 files
[vagrant@host1 bitcamp-ncp]$ git status --short
?? hello2.txt
?? test.bak
?? tmp/
?? tmp2/
[vagrant@host1 bitcamp-ncp]$ rm tmp
rm: cannot remove ‘tmp’: Is a directory
[vagrant@host1 bitcamp-ncp]$ re -rf temp
-bash: re: command not found
[vagrant@host1 bitcamp-ncp]$ rm -rf tmp
[vagrant@host1 bitcamp-ncp]$ terr
-bash: terr: command not found
[vagrant@host1 bitcamp-ncp]$ tree
.
├── a.txt
├── b.txt
├── gitignore
├── hello2.txt
├── README.md
├── test.bak
└── tmp2
    └── hello3.txt

1 directory, 7 files
[vagrant@host1 bitcamp-ncp]$ rm -rf tmp2
[vagrant@host1 bitcamp-ncp]$ tree
.
├── a.txt
├── b.txt
├── gitignore
├── hello2.txt
├── README.md
└── test.bak

0 directories, 6 files
[vagrant@host1 bitcamp-ncp]$ rm *bak
[vagrant@host1 bitcamp-ncp]$ ls
a.txt  b.txt  gitignore  hello2.txt  README.md
[vagrant@host1 bitcamp-ncp]$ tree
.
├── a.txt
├── b.txt
├── gitignore
├── hello2.txt
└── README.md

0 directories, 5 files
[vagrant@host1 bitcamp-ncp]$
[vagrant@host1 bitcamp-ncp]$ rm -rf gitignore
[vagrant@host1 bitcamp-ncp]$ git diff b.txt
[vagrant@host1 bitcamp-ncp]$ nano a.txt
[vagrant@host1 bitcamp-ncp]$ git status --short
 M a.txt
 D gitignore
?? hello2.txt
[vagrant@host1 bitcamp-ncp]$ git diff a.txt
diff --git a/a.txt b/a.txt
index a139ece..e6cb605 100644
--- a/a.txt
+++ b/a.txt
@@ -1,3 +1,4 @@
 1111
 2222
+3333

[vagrant@host1 bitcamp-ncp]$ git diff a.txt로 a테스트파일에서 3333이 추가된것 확인
fatal: ambiguous argument 'a.txt로': unknown revision or path not in the working tree.
Use '--' to separate paths from revisions, like this:
'git <command> [<revision>...] -- [<file>...]'
[vagrant@host1 bitcamp-ncp]$ tree
.
├── a.txt
├── b.txt
├── hello2.txt
└── README.md

0 directories, 4 files
[vagrant@host1 bitcamp-ncp]$ nano b.txt
[vagrant@host1 bitcamp-ncp]$ git status --short
 M a.txt
 M b.txt
 D gitignore
?? hello2.txt
[vagrant@host1 bitcamp-ncp]$ git checkout b.txt
[vagrant@host1 bitcamp-ncp]$ cat b.txt
2222
1111
3333
[vagrant@host1 bitcamp-ncp]$ git status --short
 M a.txt
 D gitignore
?? hello2.txt
[vagrant@host1 bitcamp-ncp]$ nano b.txt
[vagrant@host1 bitcamp-ncp]$ git status --short
 M a.txt
 M b.txt
 D gitignore
?? hello2.txt
[vagrant@host1 bitcamp-ncp]$ cat a.txt
1111
2222
3333

[vagrant@host1 bitcamp-ncp]$ cat b.txt
2222
1111
3333
4444
[vagrant@host1 bitcamp-ncp]$ git add b.txt
[vagrant@host1 bitcamp-ncp]$ git status --short
 M a.txt
M  b.txt
 D gitignore
?? hello2.txt
[vagrant@host1 bitcamp-ncp]$ git checkout a.txt
[vagrant@host1 bitcamp-ncp]$ vi .gitignore
[vagrant@host1 bitcamp-ncp]$ vi .gitignore
[vagrant@host1 bitcamp-ncp]$ nano .gitignore
[vagrant@host1 bitcamp-ncp]$ tree
.
├── a.txt
├── b.txt
├── hello2.txt
└── README.md

0 directories, 4 files
[vagrant@host1 bitcamp-ncp]$ mkdir tmp
[vagrant@host1 bitcamp-ncp]$ tree
.
├── a.txt
├── b.txt
├── hello2.txt
├── README.md
└── tmp

1 directory, 4 files
[vagrant@host1 bitcamp-ncp]$ git status --short
 M .gitignore
M  b.txt
 D gitignore
?? hello2.txt
[vagrant@host1 bitcamp-ncp]$ rm -rf tmp
[vagrant@host1 bitcamp-ncp]$ tree
.
├── a.txt
├── b.txt
├── hello2.txt
└── README.md

0 directories, 4 files
[vagrant@host1 bitcamp-ncp]$ cat a.txt
1111
2222

[vagrant@host1 bitcamp-ncp]$ cat b,txt
cat: b,txt: No such file or directory
[vagrant@host1 bitcamp-ncp]$ cat b.txt
2222
1111
3333
4444
[vagrant@host1 bitcamp-ncp]$ git checkout b.txt
[vagrant@host1 bitcamp-ncp]$ cat b.txt
2222
1111
3333
4444
[vagrant@host1 bitcamp-ncp]$ nano b.txt
[vagrant@host1 bitcamp-ncp]$ git status --short
 M .gitignore
MM b.txt
 D gitignore
?? hello2.txt
[vagrant@host1 bitcamp-ncp]$ cat b.txt
2222
1111
3333
4444
5555
[vagrant@host1 bitcamp-ncp]$ git checkout b.txt
[vagrant@host1 bitcamp-ncp]$ cat checkout b.txt
cat: checkout: No such file or directory
2222
1111
3333
4444
[vagrant@host1 bitcamp-ncp]$ git status --short
 M .gitignore
M  b.txt
 D gitignore
?? hello2.txt
[vagrant@host1 bitcamp-ncp]$ git rm b.txt
error: 'b.txt' has changes staged in the index
(use --cached to keep the file, or -f to force removal)
[vagrant@host1 bitcamp-ncp]$ cat b.txt
2222
1111
3333
4444
[vagrant@host1 bitcamp-ncp]$ git log --oneline
576725b Merge branch 'main' of https://github.com/5000dosa/bitcamp-ncp
879a1f8 Initial commit
b0e6e4a 6
c6c4541 5
ca04a28 4
581287e 2
1241982 1
[vagrant@host1 bitcamp-ncp]$ git log --oneline --graph -all
fatal: unrecognized argument: -all
[vagrant@host1 bitcamp-ncp]$ git log --oneline --graph --all
*   576725b Merge branch 'main' of https://github.com/5000dosa/bitcamp-ncp
|\
| * 879a1f8 Initial commit
* b0e6e4a 6
* c6c4541 5
* ca04a28 4
* 581287e 2
* 1241982 1
[vagrant@host1 bitcamp-ncp]$ sudo yum install http://opensource.wandisco.com/centos/7/git/x86_64/wandisco-git-release-7-
1.noarch.rpm
Loaded plugins: fastestmirror
wandisco-git-release-7-1.noarch.rpm                                                              | 4.5 kB  00:00:00
Examining /var/tmp/yum-root-g3LWge/wandisco-git-release-7-1.noarch.rpm: wandisco-git-release-7-1.noarch
Marking /var/tmp/yum-root-g3LWge/wandisco-git-release-7-1.noarch.rpm to be installed
Resolving Dependencies
--> Running transaction check
---> Package wandisco-git-release.noarch 0:7-1 will be installed
--> Finished Dependency Resolution

Dependencies Resolved

========================================================================================================================
 Package                          Arch               Version         Repository                                    Size
========================================================================================================================
Installing:
 wandisco-git-release             noarch             7-1             /wandisco-git-release-7-1.noarch             1.9 k

Transaction Summary
========================================================================================================================
Install  1 Package

Total size: 1.9 k
Installed size: 1.9 k
Is this ok [y/d/N]: y
Downloading packages:
Running transaction check
Running transaction test
Transaction test succeeded
Running transaction
  Installing : wandisco-git-release-7-1.noarch                                                                      1/1
  Verifying  : wandisco-git-release-7-1.noarch                                                                      1/1

Installed:
  wandisco-git-release.noarch 0:7-1

Complete!
[vagrant@host1 bitcamp-ncp]$ sudo yum remove git
Loaded plugins: fastestmirror
Resolving Dependencies
--> Running transaction check
---> Package git.x86_64 0:1.8.3.1-23.el7_8 will be erased
--> Processing Dependency: git = 1.8.3.1-23.el7_8 for package: perl-Git-1.8.3.1-23.el7_8.noarch
--> Running transaction check
---> Package perl-Git.noarch 0:1.8.3.1-23.el7_8 will be erased
--> Finished Dependency Resolution

Dependencies Resolved

========================================================================================================================
 Package                    Arch                     Version                              Repository               Size
========================================================================================================================
Removing:
 git                        x86_64                   1.8.3.1-23.el7_8                     @base                    22 M
Removing for dependencies:
 perl-Git                   noarch                   1.8.3.1-23.el7_8                     @base                    57 k

Transaction Summary
========================================================================================================================
Remove  1 Package (+1 Dependent package)

Installed size: 22 M
Is this ok [y/N]: y
Downloading packages:
Running transaction check
Running transaction test
Transaction test succeeded
Running transaction
  Erasing    : perl-Git-1.8.3.1-23.el7_8.noarch                                                                     1/2
  Erasing    : git-1.8.3.1-23.el7_8.x86_64                                                                          2/2
  Verifying  : git-1.8.3.1-23.el7_8.x86_64                                                                          1/2
  Verifying  : perl-Git-1.8.3.1-23.el7_8.noarch                                                                     2/2

Removed:
  git.x86_64 0:1.8.3.1-23.el7_8

Dependency Removed:
  perl-Git.noarch 0:1.8.3.1-23.el7_8

Complete!
[vagrant@host1 bitcamp-ncp]$ sudo yum install git -y
Loaded plugins: fastestmirror
Loading mirror speeds from cached hostfile
 * base: mirror.kakao.com
 * extras: mirror.kakao.com
 * updates: mirror.kakao.com
WANdisco-git                                                                                     | 2.9 kB  00:00:00
base                                                                                             | 3.6 kB  00:00:00
extras                                                                                           | 2.9 kB  00:00:00
updates                                                                                          | 2.9 kB  00:00:00
WANdisco-git/7/x86_64/primary_db                                                                 | 153 kB  00:00:00
Resolving Dependencies
--> Running transaction check
---> Package git.x86_64 0:2.31.1-1.WANdisco.1657096008 will be installed
--> Processing Dependency: perl-Git = 2.31.1-1.WANdisco.1657096008 for package: git-2.31.1-1.WANdisco.1657096008.x86_64
--> Processing Dependency: perl(Git) for package: git-2.31.1-1.WANdisco.1657096008.x86_64
--> Processing Dependency: perl(Digest::SHA) for package: git-2.31.1-1.WANdisco.1657096008.x86_64
--> Processing Dependency: perl(Git::I18N) for package: git-2.31.1-1.WANdisco.1657096008.x86_64
--> Running transaction check
---> Package perl-Digest-SHA.x86_64 1:5.85-4.el7 will be installed
--> Processing Dependency: perl(Digest::base) for package: 1:perl-Digest-SHA-5.85-4.el7.x86_64
---> Package perl-Git.noarch 0:2.31.1-1.WANdisco.1657096008 will be installed
--> Running transaction check
---> Package perl-Digest.noarch 0:1.17-245.el7 will be installed
--> Finished Dependency Resolution

Dependencies Resolved

========================================================================================================================
 Package                     Arch               Version                                  Repository                Size
========================================================================================================================
Installing:
 git                         x86_64             2.31.1-1.WANdisco.1657096008             WANdisco-git             8.7 M
Installing for dependencies:
 perl-Digest                 noarch             1.17-245.el7                             base                      23 k
 perl-Digest-SHA             x86_64             1:5.85-4.el7                             base                      58 k
 perl-Git                    noarch             2.31.1-1.WANdisco.1657096008             WANdisco-git              23 k

Transaction Summary
========================================================================================================================
Install  1 Package (+3 Dependent packages)

Total download size: 8.8 M
Installed size: 41 M
Downloading packages:
(1/4): perl-Digest-1.17-245.el7.noarch.rpm                                                       |  23 kB  00:00:00
(2/4): perl-Digest-SHA-5.85-4.el7.x86_64.rpm                                                     |  58 kB  00:00:00
warning: /var/cache/yum/x86_64/7/WANdisco-git/packages/perl-Git-2.31.1-1.WANdisco.1657096008.noarch.rpm: Header V4 DSA/SHA1 Signature, key ID 3bbf077a: NOKEY
Public key for perl-Git-2.31.1-1.WANdisco.1657096008.noarch.rpm is not installed
(3/4): perl-Git-2.31.1-1.WANdisco.1657096008.noarch.rpm                                          |  23 kB  00:00:00
(4/4): git-2.31.1-1.WANdisco.1657096008.x86_64.rpm                                               | 8.7 MB  00:00:02
------------------------------------------------------------------------------------------------------------------------
Total                                                                                   3.1 MB/s | 8.8 MB  00:00:02
Retrieving key from file:///etc/pki/rpm-gpg/RPM-GPG-KEY-WANdisco
Importing GPG key 0x3BBF077A:
 Userid     : "WANdisco (http://WANdisco.com - We Make Software Happen...) <software-key@wandisco.com>"
 Fingerprint: 69c1 be83 da54 cbed 6889 72f8 e9f0 e922 3bbf 077a
 From       : /etc/pki/rpm-gpg/RPM-GPG-KEY-WANdisco
Running transaction check
Running transaction test
Transaction test succeeded
Running transaction
  Installing : perl-Digest-1.17-245.el7.noarch                                                                      1/4
  Installing : 1:perl-Digest-SHA-5.85-4.el7.x86_64                                                                  2/4
  Installing : perl-Git-2.31.1-1.WANdisco.1657096008.noarch                                                         3/4
  Installing : git-2.31.1-1.WANdisco.1657096008.x86_64                                                              4/4
  Verifying  : git-2.31.1-1.WANdisco.1657096008.x86_64                                                              1/4
  Verifying  : 1:perl-Digest-SHA-5.85-4.el7.x86_64                                                                  2/4
  Verifying  : perl-Git-2.31.1-1.WANdisco.1657096008.noarch                                                         3/4
  Verifying  : perl-Digest-1.17-245.el7.noarch                                                                      4/4

Installed:
  git.x86_64 0:2.31.1-1.WANdisco.1657096008

Dependency Installed:
  perl-Digest.noarch 0:1.17-245.el7 perl-Digest-SHA.x86_64 1:5.85-4.el7 perl-Git.noarch 0:2.31.1-1.WANdisco.1657096008

Complete!
[vagrant@host1 bitcamp-ncp]$ git --version
git version 2.31.1
[vagrant@host1 bitcamp-ncp]$ git log --oneline --graph --all
*   576725b (HEAD -> main, origin/main) Merge branch 'main' of https://github.com/5000dosa/bitcamp-ncp
|\
| * 879a1f8 Initial commit
* b0e6e4a 6
* c6c4541 5
* ca04a28 4
* 581287e 2
* 1241982 1
[vagrant@host1 bitcamp-ncp]$ git status
On branch main
Your branch is up to date with 'origin/main'.

Changes to be committed:
  (use "git restore --staged <file>..." to unstage)
        modified:   b.txt

Changes not staged for commit:
  (use "git add/rm <file>..." to update what will be committed)
  (use "git restore <file>..." to discard changes in working directory)
        modified:   .gitignore
        deleted:    gitignore

Untracked files:
  (use "git add <file>..." to include in what will be committed)
        hello2.txt

[vagrant@host1 bitcamp-ncp]$ git status --short
 M .gitignore
M  b.txt
 D gitignore
?? hello2.txt
[vagrant@host1 bitcamp-ncp]$ cat b.txt
2222
1111
3333
4444
[vagrant@host1 bitcamp-ncp]$ git reset HEAD b.txt
Unstaged changes after reset:
M       .gitignore
M       b.txt
D       gitignore
[vagrant@host1 bitcamp-ncp]$ git status --short
 M .gitignore
 M b.txt
 D gitignore
?? hello2.txt
[vagrant@host1 bitcamp-ncp]$ cat b.txt
2222
1111
3333
4444
[vagrant@host1 bitcamp-ncp]$ git checkout b.txt
Updated 1 path from the index
[vagrant@host1 bitcamp-ncp]$ git checkout b.txt
Updated 0 paths from the index
[vagrant@host1 bitcamp-ncp]$ git checkout b.txt
Updated 0 paths from the index
[vagrant@host1 bitcamp-ncp]$ git checkout b.txt
Updated 0 paths from the index
[vagrant@host1 bitcamp-ncp]$ cat b.txt
2222
1111
3333
[vagrant@host1 bitcamp-ncp]$ git remore
git: 'remore' is not a git command. See 'git --help'.

The most similar command is
        remote
[vagrant@host1 bitcamp-ncp]$ git remote
origin
[vagrant@host1 bitcamp-ncp]$ git remote -v
origin  https://github.com/5000dosa/bitcamp-ncp (fetch)
origin  https://github.com/5000dosa/bitcamp-ncp (push)
[vagrant@host1 bitcamp-ncp]$ git remote show origin
* remote origin
  Fetch URL: https://github.com/5000dosa/bitcamp-ncp
  Push  URL: https://github.com/5000dosa/bitcamp-ncp
  HEAD branch: main
  Remote branch:
    main tracked
  Local branch configured for 'git pull':
    main merges with remote main
  Local ref configured for 'git push':
    main pushes to main (up to date)
[vagrant@host1 bitcamp-ncp]$ git add ,
fatal: pathspec ',' did not match any files
[vagrant@host1 bitcamp-ncp]$ git add .
[vagrant@host1 bitcamp-ncp]$ git commit -m "11"
[main 0a8ab22] 11
 2 files changed, 20 insertions(+), 29 deletions(-)
 rename gitignore => .gitignore (77%)
 create mode 100644 hello2.txt
[vagrant@host1 bitcamp-ncp]$ git log --oneline --graph --all
* 0a8ab22 (HEAD -> main) 11
*   576725b (origin/main) Merge branch 'main' of https://github.com/5000dosa/bitcamp-ncp
|\
| * 879a1f8 Initial commit
* b0e6e4a 6
* c6c4541 5
* ca04a28 4
* 581287e 2
* 1241982 1
[vagrant@host1 bitcamp-ncp]$ ls -al
total 16
drwxrwxr-x. 3 vagrant vagrant   97 Nov 22 02:33 .
drwxrwxr-x. 4 vagrant vagrant  128 Nov 21 05:28 ..
-rw-rw-r--. 1 vagrant vagrant   11 Nov 22 01:33 a.txt
-rw-rw-r--. 1 vagrant vagrant   15 Nov 22 02:33 b.txt
drwxrwxr-x. 8 vagrant vagrant  201 Nov 22 02:44 .git
-rw-rw-r--. 1 vagrant vagrant 3114 Nov 22 01:36 .gitignore
-rw-rw-r--. 1 vagrant vagrant    0 Nov 22 01:09 hello2.txt
-rw-rw-r--. 1 vagrant vagrant   13 Nov 21 08:40 README.md
[vagrant@host1 bitcamp-ncp]$ git log --oneline --graph --all
* 0a8ab22 (HEAD -> main) 11
*   576725b (origin/main) Merge branch 'main' of https://github.com/5000dosa/bitcamp-ncp
|\
| * 879a1f8 Initial commit
* b0e6e4a 6
* c6c4541 5
* ca04a28 4
* 581287e 2
* 1241982 1
[vagrant@host1 bitcamp-ncp]$ git push
Username for 'https://github.com': 5000dosa
Password for 'https://5000dosa@github.com':
Enumerating objects: 6, done.
Counting objects: 100% (6/6), done.
Compressing objects: 100% (3/3), done.
Writing objects: 100% (4/4), 1.79 KiB | 1.79 MiB/s, done.
Total 4 (delta 0), reused 0 (delta 0), pack-reused 0
To https://github.com/5000dosa/bitcamp-ncp
   576725b..0a8ab22  main -> main
[vagrant@host1 bitcamp-ncp]$ cat a.txt
1111
2222

[vagrant@host1 bitcamp-ncp]$ cat b.txt
2222
1111
3333
[vagrant@host1 bitcamp-ncp]$ cat hello2.txt
[vagrant@host1 bitcamp-ncp]$ git log --oneline --graph --all
* 0a8ab22 (HEAD -> main, origin/main) 11
*   576725b Merge branch 'main' of https://github.com/5000dosa/bitcamp-ncp
|\
| * 879a1f8 Initial commit
* b0e6e4a 6
* c6c4541 5
* ca04a28 4
* 581287e 2
* 1241982 1
[vagrant@host1 bitcamp-ncp]$ glt log --oneline --graph --all
-bash: glt: command not found
[vagrant@host1 bitcamp-ncp]$ git log --oneline --graph --all
* 0a8ab22 (HEAD -> main, origin/main) 11
*   576725b Merge branch 'main' of https://github.com/5000dosa/bitcamp-ncp
|\
| * 879a1f8 Initial commit
* b0e6e4a 6
* c6c4541 5
* ca04a28 4
* 581287e 2
* 1241982 1
[vagrant@host1 bitcamp-ncp]$ nano a.txt
[vagrant@host1 bitcamp-ncp]$ git add .
[vagrant@host1 bitcamp-ncp]$ git commit -m "12"
[main 7dab29c] 12
 1 file changed, 1 insertion(+), 1 deletion(-)
[vagrant@host1 bitcamp-ncp]$ git push
Username for 'https://github.com': 5000dosa
Password for 'https://5000dosa@github.com':
Enumerating objects: 5, done.
Counting objects: 100% (5/5), done.
Compressing objects: 100% (2/2), done.
Writing objects: 100% (3/3), 255 bytes | 255.00 KiB/s, done.
Total 3 (delta 1), reused 0 (delta 0), pack-reused 0
remote: Resolving deltas: 100% (1/1), completed with 1 local object.
To https://github.com/5000dosa/bitcamp-ncp
   0a8ab22..7dab29c  main -> main
[vagrant@host1 bitcamp-ncp]$ git log --oneline --graph --all
* 7dab29c (HEAD -> main, origin/main) 12
* 0a8ab22 11
*   576725b Merge branch 'main' of https://github.com/5000dosa/bitcamp-ncp
|\
| * 879a1f8 Initial commit
* b0e6e4a 6
* c6c4541 5
* ca04a28 4
* 581287e 2
* 1241982 1
[vagrant@host1 bitcamp-ncp]$ cat a.txt
1111
2222
3333
[vagrant@host1 bitcamp-ncp]$ git remote -v
origin  https://github.com/5000dosa/bitcamp-ncp (fetch)
origin  https://github.com/5000dosa/bitcamp-ncp (push)
[vagrant@host1 bitcamp-ncp]$ nano a.txt
[vagrant@host1 bitcamp-ncp]$ git add .
[vagrant@host1 bitcamp-ncp]$ git commit -m "13"
[main abc0643] 13
 1 file changed, 1 insertion(+)
[vagrant@host1 bitcamp-ncp]$ git push
Username for 'https://github.com': 5000dosa
Password for 'https://5000dosa@github.com':
Enumerating objects: 5, done.
Counting objects: 100% (5/5), done.
Compressing objects: 100% (2/2), done.
Writing objects: 100% (3/3), 259 bytes | 259.00 KiB/s, done.
Total 3 (delta 1), reused 0 (delta 0), pack-reused 0
remote: Resolving deltas: 100% (1/1), completed with 1 local object.
To https://github.com/5000dosa/bitcamp-ncp
   7dab29c..abc0643  main -> main
[vagrant@host1 bitcamp-ncp]$ git log --oneline --graph --all
* abc0643 (HEAD -> main, origin/main) 13
* 7dab29c 12
* 0a8ab22 11
*   576725b Merge branch 'main' of https://github.com/5000dosa/bitcamp-ncp
|\
| * 879a1f8 Initial commit
* b0e6e4a 6
* c6c4541 5
* ca04a28 4
* 581287e 2
* 1241982 1
[vagrant@host1 bitcamp-ncp]$ nano a.txt
[vagrant@host1 bitcamp-ncp]$ cat a,txt
cat: a,txt: No such file or directory
[vagrant@host1 bitcamp-ncp]$ nano a.txt
[vagrant@host1 bitcamp-ncp]$ git add .
[vagrant@host1 bitcamp-ncp]$ git commit -m "14"
[main 23e911a] 14
 1 file changed, 2 insertions(+)
[vagrant@host1 bitcamp-ncp]$ git push
Username for 'https://github.com': 5000dosa
Password for 'https://5000dosa@github.com':
Enumerating objects: 5, done.
Counting objects: 100% (5/5), done.
Compressing objects: 100% (2/2), done.
Writing objects: 100% (3/3), 262 bytes | 262.00 KiB/s, done.
Total 3 (delta 1), reused 0 (delta 0), pack-reused 0
remote: Resolving deltas: 100% (1/1), completed with 1 local object.
To https://github.com/5000dosa/bitcamp-ncp
   abc0643..23e911a  main -> main
[vagrant@host1 bitcamp-ncp]$ git log --oneline --graph --all
* 23e911a (HEAD -> main, origin/main) 14
* abc0643 13
* 7dab29c 12
* 0a8ab22 11
*   576725b Merge branch 'main' of https://github.com/5000dosa/bitcamp-ncp
|\
| * 879a1f8 Initial commit
* b0e6e4a 6
* c6c4541 5
* ca04a28 4
* 581287e 2
* 1241982 1
[vagrant@host1 bitcamp-ncp]$ nano a.txt
[vagrant@host1 bitcamp-ncp]$ git add .
[vagrant@host1 bitcamp-ncp]$ git commit -m "15"
[main 70275fd] 15
 1 file changed, 1 insertion(+), 1 deletion(-)
[vagrant@host1 bitcamp-ncp]$ git push
Username for 'https://github.com': 5000dosa
Password for 'https://5000dosa@github.com':
Enumerating objects: 5, done.
Counting objects: 100% (5/5), done.
Compressing objects: 100% (2/2), done.
Writing objects: 100% (3/3), 265 bytes | 265.00 KiB/s, done.
Total 3 (delta 1), reused 0 (delta 0), pack-reused 0
remote: Resolving deltas: 100% (1/1), completed with 1 local object.
To https://github.com/5000dosa/bitcamp-ncp
   23e911a..70275fd  main -> main
[vagrant@host1 bitcamp-ncp]$ git log --oneline --graph --all
* 70275fd (HEAD -> main, origin/main) 15
* 23e911a 14
* abc0643 13
* 7dab29c 12
* 0a8ab22 11
*   576725b Merge branch 'main' of https://github.com/5000dosa/bitcamp-ncp
|\
| * 879a1f8 Initial commit
* b0e6e4a 6
* c6c4541 5
* ca04a28 4
* 581287e 2
* 1241982 1
[vagrant@host1 bitcamp-ncp]$ nano a.txt
[vagrant@host1 bitcamp-ncp]$ git add .
[vagrant@host1 bitcamp-ncp]$ git commlt -m "16"
git: 'commlt' is not a git command. See 'git --help'.

The most similar command is
        commit
[vagrant@host1 bitcamp-ncp]$ git commit -m "16"
[main f17a0f5] 16
 1 file changed, 1 insertion(+)
[vagrant@host1 bitcamp-ncp]$ git push
Username for 'https://github.com': 5000dosa
Password for 'https://5000dosa@github.com':
Enumerating objects: 5, done.
Counting objects: 100% (5/5), done.
Compressing objects: 100% (2/2), done.
Writing objects: 100% (3/3), 267 bytes | 267.00 KiB/s, done.
Total 3 (delta 1), reused 0 (delta 0), pack-reused 0
remote: Resolving deltas: 100% (1/1), completed with 1 local object.
To https://github.com/5000dosa/bitcamp-ncp
   70275fd..f17a0f5  main -> main
[vagrant@host1 bitcamp-ncp]$ git log --oneline --graph --all
* f17a0f5 (HEAD -> main, origin/main) 16
* 70275fd 15
* 23e911a 14
* abc0643 13
* 7dab29c 12
* 0a8ab22 11
*   576725b Merge branch 'main' of https://github.com/5000dosa/bitcamp-ncp
|\
| * 879a1f8 Initial commit
* b0e6e4a 6
* c6c4541 5
* ca04a28 4
* 581287e 2
* 1241982 1
[vagrant@host1 bitcamp-ncp]$ nano b.txt
[vagrant@host1 bitcamp-ncp]$
[vagrant@host1 bitcamp-ncp]$ git add .
[vagrant@host1 bitcamp-ncp]$ git commit -m "17"
[main 8921e15] 17
 1 file changed, 1 insertion(+)
[vagrant@host1 bitcamp-ncp]$ nano b.txt
[vagrant@host1 bitcamp-ncp]$ git add .
[vagrant@host1 bitcamp-ncp]$ git commits -m "18"
git: 'commits' is not a git command. See 'git --help'.

The most similar command is
        commit
[vagrant@host1 bitcamp-ncp]$ git commit -m "18"
[main bd026a0] 18
 1 file changed, 1 insertion(+)
[vagrant@host1 bitcamp-ncp]$ git log --oneline --graph --all
* bd026a0 (HEAD -> main) 18
* 8921e15 17
* f17a0f5 (origin/main) 16
* 70275fd 15
* 23e911a 14
* abc0643 13
* 7dab29c 12
* 0a8ab22 11
*   576725b Merge branch 'main' of https://github.com/5000dosa/bitcamp-ncp
|\
| * 879a1f8 Initial commit
* b0e6e4a 6
* c6c4541 5
* ca04a28 4
* 581287e 2
* 1241982 1
[vagrant@host1 bitcamp-ncp]$ git push
Username for 'https://github.com': 5000dosa
Password for 'https://5000dosa@github.com':
Enumerating objects: 8, done.
Counting objects: 100% (8/8), done.
Compressing objects: 100% (4/4), done.
Writing objects: 100% (6/6), 486 bytes | 486.00 KiB/s, done.
Total 6 (delta 2), reused 0 (delta 0), pack-reused 0
remote: Resolving deltas: 100% (2/2), completed with 1 local object.
To https://github.com/5000dosa/bitcamp-ncp
   f17a0f5..bd026a0  main -> main
[vagrant@host1 bitcamp-ncp]$ git log --oneline --graph --all
* bd026a0 (HEAD -> main, origin/main) 18
* 8921e15 17
* f17a0f5 16
* 70275fd 15
* 23e911a 14
* abc0643 13
* 7dab29c 12
* 0a8ab22 11
*   576725b Merge branch 'main' of https://github.com/5000dosa/bitcamp-ncp
|\
| * 879a1f8 Initial commit
* b0e6e4a 6
* c6c4541 5
* ca04a28 4
* 581287e 2
* 1241982 1
[vagrant@host1 bitcamp-ncp]$   전

------------------git SourceTree ---------

                                          후

[vagrant@host1 bitcamp-ncp]$
[vagrant@host1 bitcamp-ncp]$ git pull
remote: Enumerating objects: 12, done.
remote: Counting objects: 100% (11/11), done.
remote: Compressing objects: 100% (3/3), done.
remote: Total 8 (delta 3), reused 8 (delta 3), pack-reused 0
Unpacking objects: 100% (8/8), 722 bytes | 722.00 KiB/s, done.
From https://github.com/5000dosa/bitcamp-ncp
   bd026a0..8d9a826  main       -> origin/main
Updating bd026a0..8d9a826
Fast-forward
 a.txt       | 2 ++
 bitcamp-ncp | 1 +
 2 files changed, 3 insertions(+)
 create mode 160000 bitcamp-ncp
[vagrant@host1 bitcamp-ncp]$ git log --oneline --graph --all
*   8d9a826 (HEAD -> main, origin/main) 21
|\
| * bd026a0 18
| * 8921e15 17
* | aae0986 20
* | 55b4199 19
|/
* f17a0f5 16
* 70275fd 15
* 23e911a 14
* abc0643 13
* 7dab29c 12
* 0a8ab22 11
*   576725b Merge branch 'main' of https://github.com/5000dosa/bitcamp-ncp
|\
| * 879a1f8 Initial commit
* b0e6e4a 6
* c6c4541 5
* ca04a28 4
* 581287e 2
* 1241982 1
[vagrant@host1 bitcamp-ncp]$ nano a.txt
[vagrant@host1 bitcamp-ncp]$ git push
Username for 'https://github.com': 5000dosa
Password for 'https://5000dosa@github.com':
Everything up-to-date
[vagrant@host1 bitcamp-ncp]$ tree
.
├── a.txt
├── bitcamp-ncp
├── b.txt
├── hello2.txt
└── README.md

1 directory, 4 files
[vagrant@host1 bitcamp-ncp]$ git add .
[vagrant@host1 bitcamp-ncp]$ git commit -m "22"
[main beb417b] 22
 1 file changed, 1 insertion(+)
[vagrant@host1 bitcamp-ncp]$ git push
Username for 'https://github.com': 5000dosa
Password for 'https://5000dosa@github.com':
Enumerating objects: 5, done.
Counting objects: 100% (5/5), done.
Compressing objects: 100% (3/3), done.
Writing objects: 100% (3/3), 284 bytes | 284.00 KiB/s, done.
Total 3 (delta 1), reused 0 (delta 0), pack-reused 0
remote: Resolving deltas: 100% (1/1), completed with 1 local object.
To https://github.com/5000dosa/bitcamp-ncp
   8d9a826..beb417b  main -> main
[vagrant@host1 bitcamp-ncp]$ git log --oneline --graph --all
* beb417b (HEAD -> main, origin/main) 22
*   8d9a826 21
|\
| * bd026a0 18
| * 8921e15 17
* | aae0986 20
* | 55b4199 19
|/
* f17a0f5 16
* 70275fd 15
* 23e911a 14
* abc0643 13
* 7dab29c 12
* 0a8ab22 11
*   576725b Merge branch 'main' of https://github.com/5000dosa/bitcamp-ncp
|\
| * 879a1f8 Initial commit
* b0e6e4a 6
* c6c4541 5
* ca04a28 4
* 581287e 2
* 1241982 1
[vagrant@host1 bitcamp-ncp]$ git pull
remote: Enumerating objects: 10, done.
remote: Counting objects: 100% (10/10), done.
remote: Compressing objects: 100% (3/3), done.
remote: Total 6 (delta 3), reused 6 (delta 3), pack-reused 0
Unpacking objects: 100% (6/6), 521 bytes | 521.00 KiB/s, done.
From https://github.com/5000dosa/bitcamp-ncp
   beb417b..d6108ba  main       -> origin/main
Updating beb417b..d6108ba
Fast-forward
 a.txt | 3 ++-
 1 file changed, 2 insertions(+), 1 deletion(-)
[vagrant@host1 bitcamp-ncp]$ git log --oneline --graph --all
*   d6108ba (HEAD -> main, origin/main) 24
|\
| * beb417b 22
* | 9ee59ed 23
|/
*   8d9a826 21
|\
| * bd026a0 18
| * 8921e15 17
* | aae0986 20
* | 55b4199 19
|/
* f17a0f5 16
* 70275fd 15
* 23e911a 14
* abc0643 13
* 7dab29c 12
* 0a8ab22 11
*   576725b Merge branch 'main' of https://github.com/5000dosa/bitcamp-ncp
|\
| * 879a1f8 Initial commit
* b0e6e4a 6
* c6c4541 5
* ca04a28 4
* 581287e 2
* 1241982 1
[vagrant@host1 bitcamp-ncp]$ git pull
Already up to date.
[vagrant@host1 bitcamp-ncp]$ git log --oneline --graph --all
*   d6108ba (HEAD -> main, origin/main) 24
|\
| * beb417b 22
* | 9ee59ed 23
|/
*   8d9a826 21
|\
| * bd026a0 18
| * 8921e15 17
* | aae0986 20
* | 55b4199 19
|/
* f17a0f5 16
* 70275fd 15
* 23e911a 14
* abc0643 13
* 7dab29c 12
* 0a8ab22 11
*   576725b Merge branch 'main' of https://github.com/5000dosa/bitcamp-ncp
|\
| * 879a1f8 Initial commit
* b0e6e4a 6
* c6c4541 5
* ca04a28 4
* 581287e 2
* 1241982 1
[vagrant@host1 bitcamp-ncp]$ git vranch
git: 'vranch' is not a git command. See 'git --help'.

The most similar command is
        branch
[vagrant@host1 bitcamp-ncp]$ git branch
* main
[vagrant@host1 bitcamp-ncp]$ git branch b1
[vagrant@host1 bitcamp-ncp]$ git branch
  b1
* main
[vagrant@host1 bitcamp-ncp]$ git log --oneline
d6108ba (HEAD -> main, origin/main, b1) 24
9ee59ed 23
beb417b 22
8d9a826 21
aae0986 20
55b4199 19
bd026a0 18
8921e15 17
f17a0f5 16
70275fd 15
23e911a 14
abc0643 13
7dab29c 12
0a8ab22 11
576725b Merge branch 'main' of https://github.com/5000dosa/bitcamp-ncp
879a1f8 Initial commit
b0e6e4a 6
c6c4541 5
ca04a28 4
581287e 2
1241982 1
[vagrant@host1 bitcamp-ncp]$ git branch -d b1
Deleted branch b1 (was d6108ba).
[vagrant@host1 bitcamp-ncp]$ git branch
* main
[vagrant@host1 bitcamp-ncp]$ git log --oneline
d6108ba (HEAD -> main, origin/main) 24
9ee59ed 23
beb417b 22
8d9a826 21
aae0986 20
55b4199 19
bd026a0 18
8921e15 17
f17a0f5 16
70275fd 15
23e911a 14
abc0643 13
7dab29c 12
0a8ab22 11
576725b Merge branch 'main' of https://github.com/5000dosa/bitcamp-ncp
879a1f8 Initial commit
b0e6e4a 6
c6c4541 5
ca04a28 4
581287e 2
1241982 1
[vagrant@host1 bitcamp-ncp]$ git branch b1
[vagrant@host1 bitcamp-ncp]$ git branch
  b1
* main
[vagrant@host1 bitcamp-ncp]$ git log --oneline
d6108ba (HEAD -> main, origin/main, b1) 24
9ee59ed 23
beb417b 22
8d9a826 21
aae0986 20
55b4199 19
bd026a0 18
8921e15 17
f17a0f5 16
70275fd 15
23e911a 14
abc0643 13
7dab29c 12
0a8ab22 11
576725b Merge branch 'main' of https://github.com/5000dosa/bitcamp-ncp
879a1f8 Initial commit
b0e6e4a 6
c6c4541 5
ca04a28 4
581287e 2
1241982 1
[vagrant@host1 bitcamp-ncp]$ git checkout b1
Switched to branch 'b1'
[vagrant@host1 bitcamp-ncp]$ git branch
* b1
  main
[vagrant@host1 bitcamp-ncp]$ git log --oneline
d6108ba (HEAD -> b1, origin/main, main) 24
9ee59ed 23
beb417b 22
8d9a826 21
aae0986 20
55b4199 19
bd026a0 18
8921e15 17
f17a0f5 16
70275fd 15
23e911a 14
abc0643 13
7dab29c 12
0a8ab22 11
576725b Merge branch 'main' of https://github.com/5000dosa/bitcamp-ncp
879a1f8 Initial commit
b0e6e4a 6
c6c4541 5
ca04a28 4
581287e 2
1241982 1
[vagrant@host1 bitcamp-ncp]$ ls
a.txt  bitcamp-ncp  b.txt  hello2.txt  README.md
[vagrant@host1 bitcamp-ncp]$ nano c.txt
[vagrant@host1 bitcamp-ncp]$
[vagrant@host1 bitcamp-ncp]$ git add .
[vagrant@host1 bitcamp-ncp]$ git commit -m "25"
[b1 d2f4643] 25
 1 file changed, 1 insertion(+)
 create mode 100644 c.txt
[vagrant@host1 bitcamp-ncp]$ git log --oneline --graph --all
* d2f4643 (HEAD -> b1) 25
*   d6108ba (origin/main, main) 24
|\
| * beb417b 22
* | 9ee59ed 23
|/
*   8d9a826 21
|\
| * bd026a0 18
| * 8921e15 17
* | aae0986 20
* | 55b4199 19
|/
* f17a0f5 16
* 70275fd 15
* 23e911a 14
* abc0643 13
* 7dab29c 12
* 0a8ab22 11
*   576725b Merge branch 'main' of https://github.com/5000dosa/bitcamp-ncp
|\
| * 879a1f8 Initial commit
* b0e6e4a 6
* c6c4541 5
* ca04a28 4
* 581287e 2
* 1241982 1
[vagrant@host1 bitcamp-ncp]$ ls
a.txt  bitcamp-ncp  b.txt  c.txt  hello2.txt  README.md
[vagrant@host1 bitcamp-ncp]$ ls -l
total 16
-rw-rw-r--. 1 vagrant vagrant 78 Nov 22 05:56 a.txt
drwxrwxr-x. 2 vagrant vagrant  6 Nov 22 05:25 bitcamp-ncp
-rw-rw-r--. 1 vagrant vagrant 25 Nov 22 03:38 b.txt
-rw-rw-r--. 1 vagrant vagrant  5 Nov 22 06:40 c.txt
-rw-rw-r--. 1 vagrant vagrant  0 Nov 22 01:09 hello2.txt
-rw-rw-r--. 1 vagrant vagrant 13 Nov 21 08:40 README.md
[vagrant@host1 bitcamp-ncp]$ ls
a.txt  bitcamp-ncp  b.txt  c.txt  hello2.txt  README.md
[vagrant@host1 bitcamp-ncp]$ nano b.txt
[vagrant@host1 bitcamp-ncp]$ rm a.txt
[vagrant@host1 bitcamp-ncp]$ ls
bitcamp-ncp  b.txt  c.txt  hello2.txt  README.md
[vagrant@host1 bitcamp-ncp]$ git status --short
 D a.txt
 M b.txt
[vagrant@host1 bitcamp-ncp]$ git add .
[vagrant@host1 bitcamp-ncp]$ git commit -m "26"
[b1 dfd3969] 26
 2 files changed, 1 insertion(+), 11 deletions(-)
 delete mode 100644 a.txt
[vagrant@host1 bitcamp-ncp]$ git log --oneline
dfd3969 (HEAD -> b1) 26
d2f4643 25
d6108ba (origin/main, main) 24
9ee59ed 23
beb417b 22
8d9a826 21
aae0986 20
55b4199 19
bd026a0 18
8921e15 17
f17a0f5 16
70275fd 15
23e911a 14
abc0643 13
7dab29c 12
0a8ab22 11
576725b Merge branch 'main' of https://github.com/5000dosa/bitcamp-ncp
879a1f8 Initial commit
b0e6e4a 6
c6c4541 5
ca04a28 4
581287e 2
1241982 1
[vagrant@host1 bitcamp-ncp]$ git checkout main
Switched to branch 'main'
Your branch is up to date with 'origin/main'.
[vagrant@host1 bitcamp-ncp]$ ls
a.txt  bitcamp-ncp  b.txt  hello2.txt  README.md
[vagrant@host1 bitcamp-ncp]$ cat b.txt
2222
1111
3333
4444
5555
[vagrant@host1 bitcamp-ncp]$ git checkout b1
Switched to branch 'b1'
[vagrant@host1 bitcamp-ncp]$ ls
bitcamp-ncp  b.txt  c.txt  hello2.txt  README.md
[vagrant@host1 bitcamp-ncp]$ cat b.txt
2222
1111
3333
4444
5555
6666
[vagrant@host1 bitcamp-ncp]$ cat c.txt
1111
[vagrant@host1 bitcamp-ncp]$ git branch
* b1
  main
[vagrant@host1 bitcamp-ncp]$ git checkout main
Switched to branch 'main'
Your branch is up to date with 'origin/main'.
[vagrant@host1 bitcamp-ncp]$ git btanch
git: 'btanch' is not a git command. See 'git --help'.

The most similar command is
        branch
[vagrant@host1 bitcamp-ncp]$ git branch
  b1
* main
[vagrant@host1 bitcamp-ncp]$ git merge b1
Updating d6108ba..dfd3969
Fast-forward
 a.txt | 11 -----------
 b.txt |  1 +
 c.txt |  1 +
 3 files changed, 2 insertions(+), 11 deletions(-)
 delete mode 100644 a.txt
 create mode 100644 c.txt
[vagrant@host1 bitcamp-ncp]$  git log --oneline
dfd3969 (HEAD -> main, b1) 26
d2f4643 25
d6108ba (origin/main) 24
9ee59ed 23
beb417b 22
8d9a826 21
aae0986 20
55b4199 19
bd026a0 18
8921e15 17
f17a0f5 16
70275fd 15
23e911a 14
abc0643 13
7dab29c 12
0a8ab22 11
576725b Merge branch 'main' of https://github.com/5000dosa/bitcamp-ncp
879a1f8 Initial commit
b0e6e4a 6
c6c4541 5
ca04a28 4
581287e 2
1241982 1
[vagrant@host1 bitcamp-ncp]$
[vagrant@host1 bitcamp-ncp]$ git branch -d b1
Deleted branch b1 (was dfd3969).
[vagrant@host1 bitcamp-ncp]$ git branch
* main
[vagrant@host1 bitcamp-ncp]$ git log --ineline
fatal: unrecognized argument: --ineline
[vagrant@host1 bitcamp-ncp]$ git log --oneline
dfd3969 (HEAD -> main) 26
d2f4643 25
d6108ba (origin/main) 24
9ee59ed 23
beb417b 22
8d9a826 21
aae0986 20
55b4199 19
bd026a0 18
8921e15 17
f17a0f5 16
70275fd 15
23e911a 14
abc0643 13
7dab29c 12
0a8ab22 11
576725b Merge branch 'main' of https://github.com/5000dosa/bitcamp-ncp
879a1f8 Initial commit
b0e6e4a 6
c6c4541 5
ca04a28 4
581287e 2
1241982 1
[vagrant@host1 bitcamp-ncp]$ git push
Username for 'https://github.com': 5000dosa
Password for 'https://5000dosa@github.com':
Enumerating objects: 8, done.
Counting objects: 100% (8/8), done.
Compressing objects: 100% (4/4), done.
Writing objects: 100% (6/6), 475 bytes | 475.00 KiB/s, done.
Total 6 (delta 2), reused 0 (delta 0), pack-reused 0
remote: Resolving deltas: 100% (2/2), completed with 1 local object.
To https://github.com/5000dosa/bitcamp-ncp
   d6108ba..dfd3969  main -> main
[vagrant@host1 bitcamp-ncp]$ git log --oneline
dfd3969 (HEAD -> main, origin/main) 26
d2f4643 25
d6108ba 24
9ee59ed 23
beb417b 22
8d9a826 21
aae0986 20
55b4199 19
bd026a0 18
8921e15 17
f17a0f5 16
70275fd 15
23e911a 14
abc0643 13
7dab29c 12
0a8ab22 11
576725b Merge branch 'main' of https://github.com/5000dosa/bitcamp-ncp
879a1f8 Initial commit
b0e6e4a 6
c6c4541 5
ca04a28 4
581287e 2
1241982 1
[vagrant@host1 bitcamp-ncp]$ git pull
remote: Enumerating objects: 11, done.
remote: Counting objects: 100% (11/11), done.
remote: Compressing objects: 100% (4/4), done.
remote: Total 9 (delta 4), reused 9 (delta 4), pack-reused 0
Unpacking objects: 100% (9/9), 832 bytes | 832.00 KiB/s, done.
From https://github.com/5000dosa/bitcamp-ncp
   dfd3969..8cc89da  main       -> origin/main
Updating dfd3969..8cc89da
Fast-forward
 d.txt | 1 +
 x.txt | 2 ++
 2 files changed, 3 insertions(+)
 create mode 100644 d.txt
 create mode 100644 x.txt
[vagrant@host1 bitcamp-ncp]$ git log --oneline
8cc89da (HEAD -> main, origin/main) merge
c6f5353 42
e09448d 41
0e17e5a 30
dfd3969 26
d2f4643 25
d6108ba 24
9ee59ed 23
beb417b 22
8d9a826 21
aae0986 20
55b4199 19
bd026a0 18
8921e15 17
f17a0f5 16
70275fd 15
23e911a 14
abc0643 13
7dab29c 12
0a8ab22 11
576725b Merge branch 'main' of https://github.com/5000dosa/bitcamp-ncp
879a1f8 Initial commit
b0e6e4a 6
c6c4541 5
ca04a28 4
581287e 2
1241982 1
[vagrant@host1 bitcamp-ncp]$ ls
bitcamp-ncp  b.txt  c.txt  d.txt  hello2.txt  README.md  x.txt
[vagrant@host1 bitcamp-ncp]$ git ls-remote
From https://github.com/5000dosa/bitcamp-ncp
8cc89da8d1c9a97d52eec71f2440067c58d1f069        HEAD
8cc89da8d1c9a97d52eec71f2440067c58d1f069        refs/heads/main
[vagrant@host1 bitcamp-ncp]$ git branch -vv
* main 8cc89da [origin/main] merge
[vagrant@host1 bitcamp-ncp]$
[vagrant@host1 bitcamp-ncp]$